2026-03-15T18:43:15.370Z [info]: POST /api/auth/register
2026-03-15T18:44:16.065Z [info]: POST /api/auth/register
2026-03-15T18:46:58.529Z [info]: POST /api/auth/register
2026-03-15T18:56:49.711Z [info]: POST /api/auth/register
2026-03-15T18:57:33.332Z [info]: POST /api/auth/register
2026-03-15T19:06:10.948Z [info]: POST /api/auth/login
2026-03-15T19:09:31.404Z [info]: POST /api/auth/register
2026-03-15T19:12:19.514Z [info]: POST /api/auth/register
2026-03-15T19:12:22.254Z [info]: POST /api/auth/register
2026-03-15T19:12:25.521Z [info]: POST /api/auth/register
2026-03-15T19:13:41.609Z [info]: POST /api/auth/register
2026-03-15T19:15:05.279Z [info]: POST /api/auth/register
2026-03-15T19:15:27.541Z [info]: POST /api/auth/register
2026-03-15T19:15:30.335Z [info]: POST /api/auth/register
2026-03-15T19:19:32.369Z [info]: POST /api/auth/register
2026-03-15T19:20:48.269Z [info]: POST /api/auth/login
2026-03-15T19:23:25.242Z [info]: POST /api/auth/login
2026-03-15T19:23:46.338Z [info]: POST /api/auth/login
2026-03-15T20:50:30.025Z [info]: POST /api/auth/login
2026-03-15T20:51:20.960Z [info]: POST /api/auth/register
2026-03-15T20:51:53.251Z [info]: POST /api/auth/login
2026-03-15T20:54:46.177Z [info]: POST /api/auth/login
2026-03-15T20:54:50.488Z [info]: POST /api/auth/login
2026-03-15T20:55:38.531Z [info]: POST /api/auth/login
2026-03-15T20:55:40.612Z [info]: POST /api/auth/login
2026-03-15T20:56:40.985Z [info]: POST /api/auth/login
2026-03-15T21:00:10.940Z [info]: POST /api/auth/login
2026-03-15T21:00:23.705Z [info]: POST /api/auth/register
2026-03-15T21:00:44.604Z [info]: POST /api/auth/login
2026-03-15T21:00:52.604Z [info]: POST /api/auth/login
2026-03-15T21:02:30.097Z [info]: POST /api/auth/login
2026-03-15T21:04:14.211Z [info]: POST /api/auth/login
2026-03-15T21:06:35.229Z [info]: POST /api/auth/register
2026-03-15T21:06:55.949Z [info]: POST /api/auth/login
2026-03-15T21:07:06.072Z [info]: GET /api/auth/login
2026-03-15T21:07:15.525Z [info]: POST /api/auth/login
2026-03-15T21:11:36.796Z [info]: POST /api/auth/register
2026-03-15T21:11:48.327Z [info]: POST /api/auth/login
2026-03-15T21:13:27.574Z [info]: POST /api/auth/register
2026-03-15T21:13:33.666Z [info]: POST /api/auth/login
2026-03-15T21:14:07.139Z [info]: POST /api/auth/register
2026-03-15T21:14:23.272Z [info]: POST /api/auth/register
2026-03-15T21:14:23.899Z [info]: POST /api/auth/login
2026-03-15T21:14:39.220Z [info]: POST /api/auth/register
2026-03-15T21:14:39.782Z [info]: POST /api/auth/login
2026-03-15T21:15:04.220Z [info]: POST /api/auth/login
2026-03-15T21:15:11.330Z [info]: POST /api/auth/register
2026-03-15T21:15:11.830Z [info]: POST /api/auth/login
2026-03-15T21:17:33.178Z [info]: POST /api/auth/login
2026-03-15T21:17:35.032Z [info]: POST /api/auth/login
2026-03-15T21:18:48.193Z [info]: POST /api/auth/register
2026-03-15T21:19:32.256Z [info]: POST /api/auth/login
2026-03-15T21:19:37.977Z [info]: POST /api/auth/login
2026-03-15T21:20:20.716Z [info]: POST /api/auth/login
2026-03-15T21:22:29.362Z [info]: POST /api/auth/register
2026-03-15T21:22:29.816Z [info]: POST /api/projects
2026-03-15T21:22:30.223Z [info]: GET /api/projects
