{"code":"ENOTFOUND","errno":-3008,"hostname":"redis","level":"error","message":"Redis error: getaddrinfo ENOTFOUND redis","stack":"Error: getaddrinfo ENOTFOUND redis\n    at GetAddrInfoReqWrap.onlookupall [as oncomplete] (node:dns:122:26)","syscall":"getaddrinfo","timestamp":"2026-03-16T18:29:52.917Z"}
{"code":"ENOTFOUND","errno":-3008,"hostname":"redis","level":"error","message":"Redis error: getaddrinfo ENOTFOUND redis","stack":"Error: getaddrinfo ENOTFOUND redis\n    at GetAddrInfoReqWrap.onlookupall [as oncomplete] (node:dns:122:26)","syscall":"getaddrinfo","timestamp":"2026-03-16T18:29:55.699Z"}
{"code":"ENOTFOUND","errno":-3008,"hostname":"redis","level":"error","message":"Redis error: getaddrinfo ENOTFOUND redis","stack":"Error: getaddrinfo ENOTFOUND redis\n    at GetAddrInfoReqWrap.onlookupall [as oncomplete] (node:dns:122:26)","syscall":"getaddrinfo","timestamp":"2026-03-16T18:29:58.591Z"}
{"code":"ENOTFOUND","errno":-3008,"hostname":"redis","level":"error","message":"Redis error: getaddrinfo ENOTFOUND redis","stack":"Error: getaddrinfo ENOTFOUND redis\n    at GetAddrInfoReqWrap.onlookupall [as oncomplete] (node:dns:122:26)","syscall":"getaddrinfo","timestamp":"2026-03-16T18:30:01.623Z"}
{"code":"ENOTFOUND","errno":-3008,"hostname":"redis","level":"error","message":"Redis error: getaddrinfo ENOTFOUND redis","stack":"Error: getaddrinfo ENOTFOUND redis\n    at GetAddrInfoReqWrap.onlookupall [as oncomplete] (node:dns:122:26)","syscall":"getaddrinfo","timestamp":"2026-03-16T18:30:04.865Z"}
{"code":"ENOTFOUND","errno":-3008,"hostname":"redis","level":"error","message":"Redis error: getaddrinfo ENOTFOUND redis","stack":"Error: getaddrinfo ENOTFOUND redis\n    at GetAddrInfoReqWrap.onlookupall [as oncomplete] (node:dns:122:26)","syscall":"getaddrinfo","timestamp":"2026-03-16T18:30:08.508Z"}
{"code":"ENOTFOUND","errno":-3008,"hostname":"redis","level":"error","message":"Redis error: getaddrinfo ENOTFOUND redis","stack":"Error: getaddrinfo ENOTFOUND redis\n    at GetAddrInfoReqWrap.onlookupall [as oncomplete] (node:dns:122:26)","syscall":"getaddrinfo","timestamp":"2026-03-16T18:30:12.914Z"}
{"code":"ENOTFOUND","errno":-3008,"hostname":"redis","level":"error","message":"Redis error: getaddrinfo ENOTFOUND redis","stack":"Error: getaddrinfo ENOTFOUND redis\n    at GetAddrInfoReqWrap.onlookupall [as oncomplete] (node:dns:122:26)","syscall":"getaddrinfo","timestamp":"2026-03-16T18:30:17.751Z"}
{"code":"ENOTFOUND","errno":-3008,"hostname":"redis","level":"error","message":"Redis error: getaddrinfo ENOTFOUND redis","stack":"Error: getaddrinfo ENOTFOUND redis\n    at GetAddrInfoReqWrap.onlookupall [as oncomplete] (node:dns:122:26)","syscall":"getaddrinfo","timestamp":"2026-03-16T18:30:22.567Z"}
{"code":"ENOTFOUND","errno":-3008,"hostname":"redis","level":"error","message":"Redis error: getaddrinfo ENOTFOUND redis","stack":"Error: getaddrinfo ENOTFOUND redis\n    at GetAddrInfoReqWrap.onlookupall [as oncomplete] (node:dns:122:26)","syscall":"getaddrinfo","timestamp":"2026-03-16T18:30:27.382Z"}
{"code":"ENOTFOUND","errno":-3008,"hostname":"redis","level":"error","message":"Redis error: getaddrinfo ENOTFOUND redis","stack":"Error: getaddrinfo ENOTFOUND redis\n    at GetAddrInfoReqWrap.onlookupall [as oncomplete] (node:dns:122:26)","syscall":"getaddrinfo","timestamp":"2026-03-16T18:30:32.180Z"}
{"code":"ENOTFOUND","errno":-3008,"hostname":"redis","level":"error","message":"Redis error: getaddrinfo ENOTFOUND redis","stack":"Error: getaddrinfo ENOTFOUND redis\n    at GetAddrInfoReqWrap.onlookupall [as oncomplete] (node:dns:122:26)","syscall":"getaddrinfo","timestamp":"2026-03-16T18:30:36.972Z"}
{"code":"ENOTFOUND","errno":-3008,"hostname":"redis","level":"error","message":"Redis error: getaddrinfo ENOTFOUND redis","stack":"Error: getaddrinfo ENOTFOUND redis\n    at GetAddrInfoReqWrap.onlookupall [as oncomplete] (node:dns:122:26)","syscall":"getaddrinfo","timestamp":"2026-03-16T18:30:41.703Z"}
{"code":"ENOTFOUND","errno":-3008,"hostname":"redis","level":"error","message":"Redis error: getaddrinfo ENOTFOUND redis","stack":"Error: getaddrinfo ENOTFOUND redis\n    at GetAddrInfoReqWrap.onlookupall [as oncomplete] (node:dns:122:26)","syscall":"getaddrinfo","timestamp":"2026-03-16T18:30:46.489Z"}
{"code":"ENOTFOUND","errno":-3008,"hostname":"redis","level":"error","message":"Redis error: getaddrinfo ENOTFOUND redis","stack":"Error: getaddrinfo ENOTFOUND redis\n    at GetAddrInfoReqWrap.onlookupall [as oncomplete] (node:dns:122:26)","syscall":"getaddrinfo","timestamp":"2026-03-16T18:30:51.348Z"}
{"code":"ENOTFOUND","errno":-3008,"hostname":"redis","level":"error","message":"Redis error: getaddrinfo ENOTFOUND redis","stack":"Error: getaddrinfo ENOTFOUND redis\n    at GetAddrInfoReqWrap.onlookupall [as oncomplete] (node:dns:122:26)","syscall":"getaddrinfo","timestamp":"2026-03-16T18:30:56.241Z"}
{"code":"ENOTFOUND","errno":-3008,"hostname":"redis","level":"error","message":"Redis error: getaddrinfo ENOTFOUND redis","stack":"Error: getaddrinfo ENOTFOUND redis\n    at GetAddrInfoReqWrap.onlookupall [as oncomplete] (node:dns:122:26)","syscall":"getaddrinfo","timestamp":"2026-03-16T18:31:01.023Z"}
{"code":"ENOTFOUND","errno":-3008,"hostname":"redis","level":"error","message":"Redis error: getaddrinfo ENOTFOUND redis","stack":"Error: getaddrinfo ENOTFOUND redis\n    at GetAddrInfoReqWrap.onlookupall [as oncomplete] (node:dns:122:26)","syscall":"getaddrinfo","timestamp":"2026-03-16T18:31:05.868Z"}
{"code":"ENOTFOUND","errno":-3008,"hostname":"redis","level":"error","message":"Redis error: getaddrinfo ENOTFOUND redis","stack":"Error: getaddrinfo ENOTFOUND redis\n    at GetAddrInfoReqWrap.onlookupall [as oncomplete] (node:dns:122:26)","syscall":"getaddrinfo","timestamp":"2026-03-16T18:31:10.633Z"}
{"code":"ENOTFOUND","errno":-3008,"hostname":"redis","level":"error","message":"Redis error: getaddrinfo ENOTFOUND redis","stack":"Error: getaddrinfo ENOTFOUND redis\n    at GetAddrInfoReqWrap.onlookupall [as oncomplete] (node:dns:122:26)","syscall":"getaddrinfo","timestamp":"2026-03-16T18:31:15.449Z"}
{"code":"ENOTFOUND","errno":-3008,"hostname":"redis","level":"error","message":"Redis error: getaddrinfo ENOTFOUND redis","stack":"Error: getaddrinfo ENOTFOUND redis\n    at GetAddrInfoReqWrap.onlookupall [as oncomplete] (node:dns:122:26)","syscall":"getaddrinfo","timestamp":"2026-03-16T18:31:20.310Z"}
{"code":"ENOTFOUND","errno":-3008,"hostname":"redis","level":"error","message":"Redis error: getaddrinfo ENOTFOUND redis","stack":"Error: getaddrinfo ENOTFOUND redis\n    at GetAddrInfoReqWrap.onlookupall [as oncomplete] (node:dns:122:26)","syscall":"getaddrinfo","timestamp":"2026-03-16T18:31:25.181Z"}
{"code":"ENOTFOUND","errno":-3008,"hostname":"redis","level":"error","message":"Redis error: getaddrinfo ENOTFOUND redis","stack":"Error: getaddrinfo ENOTFOUND redis\n    at GetAddrInfoReqWrap.onlookupall [as oncomplete] (node:dns:122:26)","syscall":"getaddrinfo","timestamp":"2026-03-16T18:31:30.047Z"}
{"code":"ENOTFOUND","errno":-3008,"hostname":"redis","level":"error","message":"Redis error: getaddrinfo ENOTFOUND redis","stack":"Error: getaddrinfo ENOTFOUND redis\n    at GetAddrInfoReqWrap.onlookupall [as oncomplete] (node:dns:122:26)","syscall":"getaddrinfo","timestamp":"2026-03-16T18:31:34.872Z"}
{"code":"ENOTFOUND","errno":-3008,"hostname":"redis","level":"error","message":"Redis error: getaddrinfo ENOTFOUND redis","stack":"Error: getaddrinfo ENOTFOUND redis\n    at GetAddrInfoReqWrap.onlookupall [as oncomplete] (node:dns:122:26)","syscall":"getaddrinfo","timestamp":"2026-03-16T18:31:39.657Z"}
{"code":"ENOTFOUND","errno":-3008,"hostname":"redis","level":"error","message":"Redis error: getaddrinfo ENOTFOUND redis","stack":"Error: getaddrinfo ENOTFOUND redis\n    at GetAddrInfoReqWrap.onlookupall [as oncomplete] (node:dns:122:26)","syscall":"getaddrinfo","timestamp":"2026-03-16T18:31:44.513Z"}
{"code":"ENOTFOUND","errno":-3008,"hostname":"redis","level":"error","message":"Redis error: getaddrinfo ENOTFOUND redis","stack":"Error: getaddrinfo ENOTFOUND redis\n    at GetAddrInfoReqWrap.onlookupall [as oncomplete] (node:dns:122:26)","syscall":"getaddrinfo","timestamp":"2026-03-16T18:31:49.393Z"}
{"code":"ENOTFOUND","errno":-3008,"hostname":"redis","level":"error","message":"Redis error: getaddrinfo ENOTFOUND redis","stack":"Error: getaddrinfo ENOTFOUND redis\n    at GetAddrInfoReqWrap.onlookupall [as oncomplete] (node:dns:122:26)","syscall":"getaddrinfo","timestamp":"2026-03-16T18:31:54.276Z"}
{"code":"ENOTFOUND","errno":-3008,"hostname":"redis","level":"error","message":"Redis error: getaddrinfo ENOTFOUND redis","stack":"Error: getaddrinfo ENOTFOUND redis\n    at GetAddrInfoReqWrap.onlookupall [as oncomplete] (node:dns:122:26)","syscall":"getaddrinfo","timestamp":"2026-03-16T18:31:59.035Z"}
{"code":"ENOTFOUND","errno":-3008,"hostname":"redis","level":"error","message":"Redis error: getaddrinfo ENOTFOUND redis","stack":"Error: getaddrinfo ENOTFOUND redis\n    at GetAddrInfoReqWrap.onlookupall [as oncomplete] (node:dns:122:26)","syscall":"getaddrinfo","timestamp":"2026-03-16T18:32:03.919Z"}
{"level":"error","message":"Redis error: Socket closed unexpectedly","stack":"Error: Socket closed unexpectedly\n    at Socket.<anonymous> (C:\\Users\\Umer\\Desktop\\cloudstack-api\\node_modules\\@redis\\client\\dist\\lib\\client\\socket.js:232:33)\n    at Object.onceWrapper (node:events:623:26)\n    at Socket.emit (node:events:508:28)\n    at TCP.<anonymous> (node:net:346:12)","timestamp":"2026-03-16T18:36:29.349Z"}
{"level":"error","message":"Redis error: Socket closed unexpectedly","stack":"Error: Socket closed unexpectedly\n    at Socket.<anonymous> (C:\\Users\\Umer\\Desktop\\cloudstack-api\\node_modules\\@redis\\client\\dist\\lib\\client\\socket.js:232:33)\n    at Object.onceWrapper (node:events:623:26)\n    at Socket.emit (node:events:508:28)\n    at TCP.<anonymous> (node:net:346:12)","timestamp":"2026-03-16T18:36:29.350Z"}
{"level":"error","message":"Redis error: Socket closed unexpectedly","stack":"Error: Socket closed unexpectedly\n    at Socket.<anonymous> (C:\\Users\\Umer\\Desktop\\cloudstack-api\\node_modules\\@redis\\client\\dist\\lib\\client\\socket.js:232:33)\n    at Object.onceWrapper (node:events:623:26)\n    at Socket.emit (node:events:508:28)\n    at TCP.<anonymous> (node:net:346:12)","timestamp":"2026-03-16T18:36:29.403Z"}
{"level":"error","message":"Redis error: Socket closed unexpectedly","stack":"Error: Socket closed unexpectedly\n    at Socket.<anonymous> (C:\\Users\\Umer\\Desktop\\cloudstack-api\\node_modules\\@redis\\client\\dist\\lib\\client\\socket.js:232:33)\n    at Object.onceWrapper (node:events:623:26)\n    at Socket.emit (node:events:508:28)\n    at TCP.<anonymous> (node:net:346:12)","timestamp":"2026-03-16T18:36:29.406Z"}
{"level":"error","message":"Redis error: Socket closed unexpectedly","stack":"Error: Socket closed unexpectedly\n    at Socket.<anonymous> (C:\\Users\\Umer\\Desktop\\cloudstack-api\\node_modules\\@redis\\client\\dist\\lib\\client\\socket.js:232:33)\n    at Object.onceWrapper (node:events:623:26)\n    at Socket.emit (node:events:508:28)\n    at TCP.<anonymous> (node:net:346:12)","timestamp":"2026-03-16T18:36:29.474Z"}
{"level":"error","message":"Redis error: Socket closed unexpectedly","stack":"Error: Socket closed unexpectedly\n    at Socket.<anonymous> (C:\\Users\\Umer\\Desktop\\cloudstack-api\\node_modules\\@redis\\client\\dist\\lib\\client\\socket.js:232:33)\n    at Object.onceWrapper (node:events:623:26)\n    at Socket.emit (node:events:508:28)\n    at TCP.<anonymous> (node:net:346:12)","timestamp":"2026-03-16T18:36:29.524Z"}
{"level":"error","message":"Redis error: Socket closed unexpectedly","stack":"Error: Socket closed unexpectedly\n    at Socket.<anonymous> (C:\\Users\\Umer\\Desktop\\cloudstack-api\\node_modules\\@redis\\client\\dist\\lib\\client\\socket.js:232:33)\n    at Object.onceWrapper (node:events:623:26)\n    at Socket.emit (node:events:508:28)\n    at TCP.<anonymous> (node:net:346:12)","timestamp":"2026-03-16T18:36:29.858Z"}
{"level":"error","message":"Redis error: Socket closed unexpectedly","stack":"Error: Socket closed unexpectedly\n    at Socket.<anonymous> (C:\\Users\\Umer\\Desktop\\cloudstack-api\\node_modules\\@redis\\client\\dist\\lib\\client\\socket.js:232:33)\n    at Object.onceWrapper (node:events:623:26)\n    at Socket.emit (node:events:508:28)\n    at TCP.<anonymous> (node:net:346:12)","timestamp":"2026-03-16T18:36:30.163Z"}
{"level":"error","message":"Redis error: Socket closed unexpectedly","stack":"Error: Socket closed unexpectedly\n    at Socket.<anonymous> (C:\\Users\\Umer\\Desktop\\cloudstack-api\\node_modules\\@redis\\client\\dist\\lib\\client\\socket.js:232:33)\n    at Object.onceWrapper (node:events:623:26)\n    at Socket.emit (node:events:508:28)\n    at TCP.<anonymous> (node:net:346:12)","timestamp":"2026-03-16T18:36:33.807Z"}
{"code":"ECONNRESET","errno":-4077,"level":"error","message":"Redis error: read ECONNRESET","stack":"Error: read ECONNRESET\n    at TCP.onStreamRead (node:internal/stream_base_commons:216:20)","syscall":"read","timestamp":"2026-03-16T18:36:33.807Z"}
{"code":"ECONNREFUSED","level":"error","message":"Redis error:","stack":"AggregateError [ECONNREFUSED]: \n    at internalConnectMultiple (node:net:1142:49)\n    at afterConnectMultiple (node:net:1723:7)","timestamp":"2026-03-16T18:36:34.117Z"}
{"code":"ECONNREFUSED","level":"error","message":"Redis error:","stack":"AggregateError [ECONNREFUSED]: \n    at internalConnectMultiple (node:net:1142:49)\n    at afterConnectMultiple (node:net:1723:7)","timestamp":"2026-03-16T18:36:34.553Z"}
{"code":"ECONNREFUSED","level":"error","message":"Redis error:","stack":"AggregateError [ECONNREFUSED]: \n    at internalConnectMultiple (node:net:1142:49)\n    at afterConnectMultiple (node:net:1723:7)","timestamp":"2026-03-16T18:36:34.730Z"}
{"code":"ECONNREFUSED","level":"error","message":"Redis error:","stack":"AggregateError [ECONNREFUSED]: \n    at internalConnectMultiple (node:net:1142:49)\n    at afterConnectMultiple (node:net:1723:7)","timestamp":"2026-03-16T18:36:35.485Z"}
{"code":"ECONNREFUSED","level":"error","message":"Redis error:","stack":"AggregateError [ECONNREFUSED]: \n    at internalConnectMultiple (node:net:1142:49)\n    at afterConnectMultiple (node:net:1723:7)","timestamp":"2026-03-16T18:36:36.436Z"}
{"code":"ECONNREFUSED","level":"error","message":"Redis error:","stack":"AggregateError [ECONNREFUSED]: \n    at internalConnectMultiple (node:net:1142:49)\n    at afterConnectMultiple (node:net:1723:7)","timestamp":"2026-03-16T18:36:37.201Z"}
{"code":"ECONNREFUSED","level":"error","message":"Redis error:","stack":"AggregateError [ECONNREFUSED]: \n    at internalConnectMultiple (node:net:1142:49)\n    at afterConnectMultiple (node:net:1723:7)","timestamp":"2026-03-16T18:36:38.595Z"}
{"code":"ECONNREFUSED","level":"error","message":"Redis error:","stack":"AggregateError [ECONNREFUSED]: \n    at internalConnectMultiple (node:net:1142:49)\n    at afterConnectMultiple (node:net:1723:7)","timestamp":"2026-03-16T18:36:39.330Z"}
{"code":"ECONNREFUSED","level":"error","message":"Redis error:","stack":"AggregateError [ECONNREFUSED]: \n    at internalConnectMultiple (node:net:1142:49)\n    at afterConnectMultiple (node:net:1723:7)","timestamp":"2026-03-16T18:36:40.707Z"}
{"code":"ECONNREFUSED","level":"error","message":"Redis error:","stack":"AggregateError [ECONNREFUSED]: \n    at internalConnectMultiple (node:net:1142:49)\n    at afterConnectMultiple (node:net:1723:7)","timestamp":"2026-03-16T18:36:41.353Z"}
{"code":"ECONNREFUSED","level":"error","message":"Redis error:","stack":"AggregateError [ECONNREFUSED]: \n    at internalConnectMultiple (node:net:1142:49)\n    at afterConnectMultiple (node:net:1723:7)","timestamp":"2026-03-16T18:36:42.822Z"}
{"code":"ECONNREFUSED","level":"error","message":"Redis error:","stack":"AggregateError [ECONNREFUSED]: \n    at internalConnectMultiple (node:net:1142:49)\n    at afterConnectMultiple (node:net:1723:7)","timestamp":"2026-03-16T18:36:43.529Z"}
{"code":"ECONNREFUSED","level":"error","message":"Redis error:","stack":"AggregateError [ECONNREFUSED]: \n    at internalConnectMultiple (node:net:1142:49)\n    at afterConnectMultiple (node:net:1723:7)","timestamp":"2026-03-16T18:36:44.939Z"}
{"code":"ECONNREFUSED","level":"error","message":"Redis error:","stack":"AggregateError [ECONNREFUSED]: \n    at internalConnectMultiple (node:net:1142:49)\n    at afterConnectMultiple (node:net:1723:7)","timestamp":"2026-03-16T18:36:45.725Z"}
{"code":"ECONNREFUSED","level":"error","message":"Redis error:","stack":"AggregateError [ECONNREFUSED]: \n    at internalConnectMultiple (node:net:1142:49)\n    at afterConnectMultiple (node:net:1723:7)","timestamp":"2026-03-16T18:36:47.103Z"}
{"code":"ECONNREFUSED","level":"error","message":"Redis error:","stack":"AggregateError [ECONNREFUSED]: \n    at internalConnectMultiple (node:net:1142:49)\n    at afterConnectMultiple (node:net:1723:7)","timestamp":"2026-03-16T18:36:47.817Z"}
{"code":"ECONNREFUSED","level":"error","message":"Redis error:","stack":"AggregateError [ECONNREFUSED]: \n    at internalConnectMultiple (node:net:1142:49)\n    at afterConnectMultiple (node:net:1723:7)","timestamp":"2026-03-16T18:36:49.180Z"}
{"code":"ECONNREFUSED","level":"error","message":"Redis error:","stack":"AggregateError [ECONNREFUSED]: \n    at internalConnectMultiple (node:net:1142:49)\n    at afterConnectMultiple (node:net:1723:7)","timestamp":"2026-03-16T18:36:49.882Z"}
{"code":"ECONNREFUSED","level":"error","message":"Redis error:","stack":"AggregateError [ECONNREFUSED]: \n    at internalConnectMultiple (node:net:1142:49)\n    at afterConnectMultiple (node:net:1723:7)","timestamp":"2026-03-16T18:36:51.290Z"}
{"code":"ECONNREFUSED","level":"error","message":"Redis error:","stack":"AggregateError [ECONNREFUSED]: \n    at internalConnectMultiple (node:net:1142:49)\n    at afterConnectMultiple (node:net:1723:7)","timestamp":"2026-03-16T18:36:51.982Z"}
{"code":"ECONNREFUSED","level":"error","message":"Redis error:","stack":"AggregateError [ECONNREFUSED]: \n    at internalConnectMultiple (node:net:1142:49)\n    at afterConnectMultiple (node:net:1723:7)","timestamp":"2026-03-16T18:36:53.437Z"}
{"code":"ECONNREFUSED","level":"error","message":"Redis error:","stack":"AggregateError [ECONNREFUSED]: \n    at internalConnectMultiple (node:net:1142:49)\n    at afterConnectMultiple (node:net:1723:7)","timestamp":"2026-03-16T18:36:53.995Z"}
{"code":"ECONNREFUSED","level":"error","message":"Redis error:","stack":"AggregateError [ECONNREFUSED]: \n    at internalConnectMultiple (node:net:1142:49)\n    at afterConnectMultiple (node:net:1723:7)","timestamp":"2026-03-16T18:36:55.503Z"}
{"code":"ECONNREFUSED","level":"error","message":"Redis error:","stack":"AggregateError [ECONNREFUSED]: \n    at internalConnectMultiple (node:net:1142:49)\n    at afterConnectMultiple (node:net:1723:7)","timestamp":"2026-03-16T18:36:56.054Z"}
{"code":"ECONNREFUSED","level":"error","message":"Redis error:","stack":"AggregateError [ECONNREFUSED]: \n    at internalConnectMultiple (node:net:1142:49)\n    at afterConnectMultiple (node:net:1723:7)","timestamp":"2026-03-16T18:36:57.541Z"}
{"code":"ECONNREFUSED","level":"error","message":"Redis error:","stack":"AggregateError [ECONNREFUSED]: \n    at internalConnectMultiple (node:net:1142:49)\n    at afterConnectMultiple (node:net:1723:7)","timestamp":"2026-03-16T18:36:58.099Z"}
{"code":"ECONNREFUSED","level":"error","message":"Redis error:","stack":"AggregateError [ECONNREFUSED]: \n    at internalConnectMultiple (node:net:1142:49)\n    at afterConnectMultiple (node:net:1723:7)","timestamp":"2026-03-16T18:36:59.569Z"}
{"code":"ECONNREFUSED","level":"error","message":"Redis error:","stack":"AggregateError [ECONNREFUSED]: \n    at internalConnectMultiple (node:net:1142:49)\n    at afterConnectMultiple (node:net:1723:7)","timestamp":"2026-03-16T18:37:00.220Z"}
{"code":"ECONNREFUSED","level":"error","message":"Redis error:","stack":"AggregateError [ECONNREFUSED]: \n    at internalConnectMultiple (node:net:1142:49)\n    at afterConnectMultiple (node:net:1723:7)","timestamp":"2026-03-16T18:37:01.664Z"}
{"code":"ECONNREFUSED","level":"error","message":"Redis error:","stack":"AggregateError [ECONNREFUSED]: \n    at internalConnectMultiple (node:net:1142:49)\n    at afterConnectMultiple (node:net:1723:7)","timestamp":"2026-03-16T18:37:02.353Z"}
{"code":"ECONNREFUSED","level":"error","message":"Redis error:","stack":"AggregateError [ECONNREFUSED]: \n    at internalConnectMultiple (node:net:1142:49)\n    at afterConnectMultiple (node:net:1723:7)","timestamp":"2026-03-16T18:37:03.719Z"}
{"code":"ECONNREFUSED","level":"error","message":"Redis error:","stack":"AggregateError [ECONNREFUSED]: \n    at internalConnectMultiple (node:net:1142:49)\n    at afterConnectMultiple (node:net:1723:7)","timestamp":"2026-03-16T18:37:04.439Z"}
{"code":"ECONNREFUSED","level":"error","message":"Redis error:","stack":"AggregateError [ECONNREFUSED]: \n    at internalConnectMultiple (node:net:1142:49)\n    at afterConnectMultiple (node:net:1723:7)","timestamp":"2026-03-16T18:37:05.922Z"}
{"code":"ECONNREFUSED","level":"error","message":"Redis error:","stack":"AggregateError [ECONNREFUSED]: \n    at internalConnectMultiple (node:net:1142:49)\n    at afterConnectMultiple (node:net:1723:7)","timestamp":"2026-03-16T18:37:06.562Z"}
{"code":"ECONNREFUSED","level":"error","message":"Redis error:","stack":"AggregateError [ECONNREFUSED]: \n    at internalConnectMultiple (node:net:1142:49)\n    at afterConnectMultiple (node:net:1723:7)","timestamp":"2026-03-16T18:37:08.108Z"}
{"code":"ECONNREFUSED","level":"error","message":"Redis error:","stack":"AggregateError [ECONNREFUSED]: \n    at internalConnectMultiple (node:net:1142:49)\n    at afterConnectMultiple (node:net:1723:7)","timestamp":"2026-03-16T18:37:08.590Z"}
{"code":"ECONNREFUSED","level":"error","message":"Redis error:","stack":"AggregateError [ECONNREFUSED]: \n    at internalConnectMultiple (node:net:1142:49)\n    at afterConnectMultiple (node:net:1723:7)","timestamp":"2026-03-16T18:37:10.188Z"}
{"code":"ECONNREFUSED","level":"error","message":"Redis error:","stack":"AggregateError [ECONNREFUSED]: \n    at internalConnectMultiple (node:net:1142:49)\n    at afterConnectMultiple (node:net:1723:7)","timestamp":"2026-03-16T18:37:10.745Z"}
{"code":"ECONNREFUSED","level":"error","message":"Redis error:","stack":"AggregateError [ECONNREFUSED]: \n    at internalConnectMultiple (node:net:1142:49)\n    at afterConnectMultiple (node:net:1723:7)","timestamp":"2026-03-16T18:37:12.284Z"}
{"code":"ECONNREFUSED","level":"error","message":"Redis error:","stack":"AggregateError [ECONNREFUSED]: \n    at internalConnectMultiple (node:net:1142:49)\n    at afterConnectMultiple (node:net:1723:7)","timestamp":"2026-03-16T18:37:12.900Z"}
{"code":"ECONNREFUSED","level":"error","message":"Redis error:","stack":"AggregateError [ECONNREFUSED]: \n    at internalConnectMultiple (node:net:1142:49)\n    at afterConnectMultiple (node:net:1723:7)","timestamp":"2026-03-16T18:37:14.351Z"}
{"code":"ECONNREFUSED","level":"error","message":"Redis error:","stack":"AggregateError [ECONNREFUSED]: \n    at internalConnectMultiple (node:net:1142:49)\n    at afterConnectMultiple (node:net:1723:7)","timestamp":"2026-03-16T18:37:14.950Z"}
{"code":"ECONNREFUSED","level":"error","message":"Redis error:","stack":"AggregateError [ECONNREFUSED]: \n    at internalConnectMultiple (node:net:1142:49)\n    at afterConnectMultiple (node:net:1723:7)","timestamp":"2026-03-16T18:37:16.550Z"}
{"code":"ECONNREFUSED","level":"error","message":"Redis error:","stack":"AggregateError [ECONNREFUSED]: \n    at internalConnectMultiple (node:net:1142:49)\n    at afterConnectMultiple (node:net:1723:7)","timestamp":"2026-03-16T18:37:17.026Z"}
{"code":"ECONNREFUSED","level":"error","message":"Redis error:","stack":"AggregateError [ECONNREFUSED]: \n    at internalConnectMultiple (node:net:1142:49)\n    at afterConnectMultiple (node:net:1723:7)","timestamp":"2026-03-16T18:37:18.564Z"}
{"code":"ECONNREFUSED","level":"error","message":"Redis error:","stack":"AggregateError [ECONNREFUSED]: \n    at internalConnectMultiple (node:net:1142:49)\n    at afterConnectMultiple (node:net:1723:7)","timestamp":"2026-03-16T18:37:19.044Z"}
{"code":"ECONNREFUSED","level":"error","message":"Redis error:","stack":"AggregateError [ECONNREFUSED]: \n    at internalConnectMultiple (node:net:1142:49)\n    at afterConnectMultiple (node:net:1723:7)","timestamp":"2026-03-16T18:37:20.759Z"}
{"code":"ECONNREFUSED","level":"error","message":"Redis error:","stack":"AggregateError [ECONNREFUSED]: \n    at internalConnectMultiple (node:net:1142:49)\n    at afterConnectMultiple (node:net:1723:7)","timestamp":"2026-03-16T18:37:21.188Z"}
{"code":"ECONNREFUSED","level":"error","message":"Redis error:","stack":"AggregateError [ECONNREFUSED]: \n    at internalConnectMultiple (node:net:1142:49)\n    at afterConnectMultiple (node:net:1723:7)","timestamp":"2026-03-16T18:37:22.868Z"}
{"code":"ECONNREFUSED","level":"error","message":"Redis error:","stack":"AggregateError [ECONNREFUSED]: \n    at internalConnectMultiple (node:net:1142:49)\n    at afterConnectMultiple (node:net:1723:7)","timestamp":"2026-03-16T18:37:23.272Z"}
{"code":"ECONNREFUSED","level":"error","message":"Redis error:","stack":"AggregateError [ECONNREFUSED]: \n    at internalConnectMultiple (node:net:1142:49)\n    at afterConnectMultiple (node:net:1723:7)","timestamp":"2026-03-16T18:37:25.013Z"}
{"code":"ECONNREFUSED","level":"error","message":"Redis error:","stack":"AggregateError [ECONNREFUSED]: \n    at internalConnectMultiple (node:net:1142:49)\n    at afterConnectMultiple (node:net:1723:7)","timestamp":"2026-03-16T18:37:25.371Z"}
{"code":"ECONNREFUSED","level":"error","message":"Redis error:","stack":"AggregateError [ECONNREFUSED]: \n    at internalConnectMultiple (node:net:1142:49)\n    at afterConnectMultiple (node:net:1723:7)","timestamp":"2026-03-16T18:37:27.030Z"}
{"code":"ECONNREFUSED","level":"error","message":"Redis error:","stack":"AggregateError [ECONNREFUSED]: \n    at internalConnectMultiple (node:net:1142:49)\n    at afterConnectMultiple (node:net:1723:7)","timestamp":"2026-03-16T18:37:27.438Z"}
{"code":"ECONNREFUSED","level":"error","message":"Redis error:","stack":"AggregateError [ECONNREFUSED]: \n    at internalConnectMultiple (node:net:1142:49)\n    at afterConnectMultiple (node:net:1723:7)","timestamp":"2026-03-16T18:37:29.096Z"}
{"code":"ECONNREFUSED","level":"error","message":"Redis error:","stack":"AggregateError [ECONNREFUSED]: \n    at internalConnectMultiple (node:net:1142:49)\n    at afterConnectMultiple (node:net:1723:7)","timestamp":"2026-03-16T18:37:29.617Z"}
{"code":"ECONNREFUSED","level":"error","message":"Redis error:","stack":"AggregateError [ECONNREFUSED]: \n    at internalConnectMultiple (node:net:1142:49)\n    at afterConnectMultiple (node:net:1723:7)","timestamp":"2026-03-16T18:37:31.280Z"}
{"code":"ECONNREFUSED","level":"error","message":"Redis error:","stack":"AggregateError [ECONNREFUSED]: \n    at internalConnectMultiple (node:net:1142:49)\n    at afterConnectMultiple (node:net:1723:7)","timestamp":"2026-03-16T18:37:31.640Z"}
{"code":"ECONNREFUSED","level":"error","message":"Redis error:","stack":"AggregateError [ECONNREFUSED]: \n    at internalConnectMultiple (node:net:1142:49)\n    at afterConnectMultiple (node:net:1723:7)","timestamp":"2026-03-16T18:37:33.308Z"}
{"code":"ECONNREFUSED","level":"error","message":"Redis error:","stack":"AggregateError [ECONNREFUSED]: \n    at internalConnectMultiple (node:net:1142:49)\n    at afterConnectMultiple (node:net:1723:7)","timestamp":"2026-03-16T18:37:33.706Z"}
{"code":"ECONNREFUSED","level":"error","message":"Redis error:","stack":"AggregateError [ECONNREFUSED]: \n    at internalConnectMultiple (node:net:1142:49)\n    at afterConnectMultiple (node:net:1723:7)","timestamp":"2026-03-16T18:37:35.396Z"}
{"code":"ECONNREFUSED","level":"error","message":"Redis error:","stack":"AggregateError [ECONNREFUSED]: \n    at internalConnectMultiple (node:net:1142:49)\n    at afterConnectMultiple (node:net:1723:7)","timestamp":"2026-03-16T18:37:35.904Z"}
{"code":"ECONNREFUSED","level":"error","message":"Redis error:","stack":"AggregateError [ECONNREFUSED]: \n    at internalConnectMultiple (node:net:1142:49)\n    at afterConnectMultiple (node:net:1723:7)","timestamp":"2026-03-16T18:37:37.483Z"}
{"code":"ECONNREFUSED","level":"error","message":"Redis error:","stack":"AggregateError [ECONNREFUSED]: \n    at internalConnectMultiple (node:net:1142:49)\n    at afterConnectMultiple (node:net:1723:7)","timestamp":"2026-03-16T18:37:38.071Z"}
{"code":"ECONNREFUSED","level":"error","message":"Redis error:","stack":"AggregateError [ECONNREFUSED]: \n    at internalConnectMultiple (node:net:1142:49)\n    at afterConnectMultiple (node:net:1723:7)","timestamp":"2026-03-16T18:37:39.619Z"}
{"code":"ECONNREFUSED","level":"error","message":"Redis error:","stack":"AggregateError [ECONNREFUSED]: \n    at internalConnectMultiple (node:net:1142:49)\n    at afterConnectMultiple (node:net:1723:7)","timestamp":"2026-03-16T18:37:40.135Z"}
{"code":"ECONNREFUSED","level":"error","message":"Redis error:","stack":"AggregateError [ECONNREFUSED]: \n    at internalConnectMultiple (node:net:1142:49)\n    at afterConnectMultiple (node:net:1723:7)","timestamp":"2026-03-16T18:37:41.725Z"}
{"code":"ECONNREFUSED","level":"error","message":"Redis error:","stack":"AggregateError [ECONNREFUSED]: \n    at internalConnectMultiple (node:net:1142:49)\n    at afterConnectMultiple (node:net:1723:7)","timestamp":"2026-03-16T18:37:42.169Z"}
{"code":"ECONNREFUSED","level":"error","message":"Redis error:","stack":"AggregateError [ECONNREFUSED]: \n    at internalConnectMultiple (node:net:1142:49)\n    at afterConnectMultiple (node:net:1723:7)","timestamp":"2026-03-16T18:37:43.788Z"}
{"code":"ECONNREFUSED","level":"error","message":"Redis error:","stack":"AggregateError [ECONNREFUSED]: \n    at internalConnectMultiple (node:net:1142:49)\n    at afterConnectMultiple (node:net:1723:7)","timestamp":"2026-03-16T18:37:44.283Z"}
{"code":"ECONNREFUSED","level":"error","message":"Redis error:","stack":"AggregateError [ECONNREFUSED]: \n    at internalConnectMultiple (node:net:1142:49)\n    at afterConnectMultiple (node:net:1723:7)","timestamp":"2026-03-16T18:37:45.862Z"}
{"code":"ECONNREFUSED","level":"error","message":"Redis error:","stack":"AggregateError [ECONNREFUSED]: \n    at internalConnectMultiple (node:net:1142:49)\n    at afterConnectMultiple (node:net:1723:7)","timestamp":"2026-03-16T18:37:46.436Z"}
{"code":"ECONNREFUSED","level":"error","message":"Redis error:","stack":"AggregateError [ECONNREFUSED]: \n    at internalConnectMultiple (node:net:1142:49)\n    at afterConnectMultiple (node:net:1723:7)","timestamp":"2026-03-16T18:37:47.884Z"}
{"code":"ECONNREFUSED","level":"error","message":"Redis error:","stack":"AggregateError [ECONNREFUSED]: \n    at internalConnectMultiple (node:net:1142:49)\n    at afterConnectMultiple (node:net:1723:7)","timestamp":"2026-03-16T18:37:48.628Z"}
{"code":"ECONNREFUSED","level":"error","message":"Redis error:","stack":"AggregateError [ECONNREFUSED]: \n    at internalConnectMultiple (node:net:1142:49)\n    at afterConnectMultiple (node:net:1723:7)","timestamp":"2026-03-16T18:37:49.912Z"}
{"code":"ECONNREFUSED","level":"error","message":"Redis error:","stack":"AggregateError [ECONNREFUSED]: \n    at internalConnectMultiple (node:net:1142:49)\n    at afterConnectMultiple (node:net:1723:7)","timestamp":"2026-03-16T18:37:50.718Z"}
{"code":"ECONNREFUSED","level":"error","message":"Redis error:","stack":"AggregateError [ECONNREFUSED]: \n    at internalConnectMultiple (node:net:1142:49)\n    at afterConnectMultiple (node:net:1723:7)","timestamp":"2026-03-16T18:37:52.081Z"}
{"code":"ECONNREFUSED","level":"error","message":"Redis error:","stack":"AggregateError [ECONNREFUSED]: \n    at internalConnectMultiple (node:net:1142:49)\n    at afterConnectMultiple (node:net:1723:7)","timestamp":"2026-03-16T18:37:52.764Z"}
{"code":"ECONNREFUSED","level":"error","message":"Redis error:","stack":"AggregateError [ECONNREFUSED]: \n    at internalConnectMultiple (node:net:1142:49)\n    at afterConnectMultiple (node:net:1723:7)","timestamp":"2026-03-16T18:37:54.100Z"}
{"code":"ECONNREFUSED","level":"error","message":"Redis error:","stack":"AggregateError [ECONNREFUSED]: \n    at internalConnectMultiple (node:net:1142:49)\n    at afterConnectMultiple (node:net:1723:7)","timestamp":"2026-03-16T18:37:54.838Z"}
{"code":"ECONNREFUSED","level":"error","message":"Redis error:","stack":"AggregateError [ECONNREFUSED]: \n    at internalConnectMultiple (node:net:1142:49)\n    at afterConnectMultiple (node:net:1723:7)","timestamp":"2026-03-16T18:37:56.179Z"}
{"code":"ECONNREFUSED","level":"error","message":"Redis error:","stack":"AggregateError [ECONNREFUSED]: \n    at internalConnectMultiple (node:net:1142:49)\n    at afterConnectMultiple (node:net:1723:7)","timestamp":"2026-03-16T18:37:56.970Z"}
{"code":"ECONNREFUSED","level":"error","message":"Redis error:","stack":"AggregateError [ECONNREFUSED]: \n    at internalConnectMultiple (node:net:1142:49)\n    at afterConnectMultiple (node:net:1723:7)","timestamp":"2026-03-16T18:37:58.273Z"}
{"code":"ECONNREFUSED","level":"error","message":"Redis error:","stack":"AggregateError [ECONNREFUSED]: \n    at internalConnectMultiple (node:net:1142:49)\n    at afterConnectMultiple (node:net:1723:7)","timestamp":"2026-03-16T18:37:59.073Z"}
{"code":"ECONNREFUSED","level":"error","message":"Redis error:","stack":"AggregateError [ECONNREFUSED]: \n    at internalConnectMultiple (node:net:1142:49)\n    at afterConnectMultiple (node:net:1723:7)","timestamp":"2026-03-16T18:38:00.449Z"}
{"code":"ECONNREFUSED","level":"error","message":"Redis error:","stack":"AggregateError [ECONNREFUSED]: \n    at internalConnectMultiple (node:net:1142:49)\n    at afterConnectMultiple (node:net:1723:7)","timestamp":"2026-03-16T18:38:01.244Z"}
{"code":"ECONNREFUSED","level":"error","message":"Redis error:","stack":"AggregateError [ECONNREFUSED]: \n    at internalConnectMultiple (node:net:1142:49)\n    at afterConnectMultiple (node:net:1723:7)","timestamp":"2026-03-16T18:38:02.513Z"}
{"code":"ECONNREFUSED","level":"error","message":"Redis error:","stack":"AggregateError [ECONNREFUSED]: \n    at internalConnectMultiple (node:net:1142:49)\n    at afterConnectMultiple (node:net:1723:7)","timestamp":"2026-03-16T18:38:03.455Z"}
{"code":"ECONNREFUSED","level":"error","message":"Redis error:","stack":"AggregateError [ECONNREFUSED]: \n    at internalConnectMultiple (node:net:1142:49)\n    at afterConnectMultiple (node:net:1723:7)","timestamp":"2026-03-16T18:38:04.633Z"}
{"code":"ECONNREFUSED","level":"error","message":"Redis error:","stack":"AggregateError [ECONNREFUSED]: \n    at internalConnectMultiple (node:net:1142:49)\n    at afterConnectMultiple (node:net:1723:7)","timestamp":"2026-03-16T18:38:05.586Z"}
{"code":"ECONNREFUSED","level":"error","message":"Redis error:","stack":"AggregateError [ECONNREFUSED]: \n    at internalConnectMultiple (node:net:1142:49)\n    at afterConnectMultiple (node:net:1723:7)","timestamp":"2026-03-16T18:38:06.837Z"}
{"code":"ENOTFOUND","errno":-3008,"hostname":"redis","level":"error","message":"Redis error: getaddrinfo ENOTFOUND redis","stack":"Error: getaddrinfo ENOTFOUND redis\n    at GetAddrInfoReqWrap.onlookupall [as oncomplete] (node:dns:122:26)","syscall":"getaddrinfo","timestamp":"2026-03-16T19:30:13.904Z"}
{"code":"ENOTFOUND","errno":-3008,"hostname":"redis","level":"error","message":"Redis error: getaddrinfo ENOTFOUND redis","stack":"Error: getaddrinfo ENOTFOUND redis\n    at GetAddrInfoReqWrap.onlookupall [as oncomplete] (node:dns:122:26)","syscall":"getaddrinfo","timestamp":"2026-03-16T19:30:16.713Z"}
{"code":"ENOTFOUND","errno":-3008,"hostname":"redis","level":"error","message":"Redis error: getaddrinfo ENOTFOUND redis","stack":"Error: getaddrinfo ENOTFOUND redis\n    at GetAddrInfoReqWrap.onlookupall [as oncomplete] (node:dns:122:26)","syscall":"getaddrinfo","timestamp":"2026-03-16T19:30:19.585Z"}
{"code":"ENOTFOUND","errno":-3008,"hostname":"redis","level":"error","message":"Redis error: getaddrinfo ENOTFOUND redis","stack":"Error: getaddrinfo ENOTFOUND redis\n    at GetAddrInfoReqWrap.onlookupall [as oncomplete] (node:dns:122:26)","syscall":"getaddrinfo","timestamp":"2026-03-16T19:30:22.545Z"}
{"code":"ENOTFOUND","errno":-3008,"hostname":"redis","level":"error","message":"Redis error: getaddrinfo ENOTFOUND redis","stack":"Error: getaddrinfo ENOTFOUND redis\n    at GetAddrInfoReqWrap.onlookupall [as oncomplete] (node:dns:122:26)","syscall":"getaddrinfo","timestamp":"2026-03-16T19:30:25.848Z"}
{"code":"ENOTFOUND","errno":-3008,"hostname":"redis","level":"error","message":"Redis error: getaddrinfo ENOTFOUND redis","stack":"Error: getaddrinfo ENOTFOUND redis\n    at GetAddrInfoReqWrap.onlookupall [as oncomplete] (node:dns:122:26)","syscall":"getaddrinfo","timestamp":"2026-03-16T19:30:29.464Z"}
{"level":"error","message":"Register error: next is not a function","stack":"TypeError: next is not a function\n    at model.<anonymous> (C:\\Users\\Umer\\Desktop\\cloudstack-api\\src\\models\\user.js:15:3)\n    at async Kareem.execPre (C:\\Users\\Umer\\Desktop\\cloudstack-api\\node_modules\\kareem\\index.js:70:24)\n    at async model.$__save (C:\\Users\\Umer\\Desktop\\cloudstack-api\\node_modules\\mongoose\\lib\\model.js:393:5)\n    at async model.save (C:\\Users\\Umer\\Desktop\\cloudstack-api\\node_modules\\mongoose\\lib\\model.js:663:5)\n    at async exports.register (C:\\Users\\Umer\\Desktop\\cloudstack-api\\src\\controllers\\authController.js:31:5)","timestamp":"2026-03-16T19:30:32.979Z"}
{"code":"ENOTFOUND","errno":-3008,"hostname":"redis","level":"error","message":"Redis error: getaddrinfo ENOTFOUND redis","stack":"Error: getaddrinfo ENOTFOUND redis\n    at GetAddrInfoReqWrap.onlookupall [as oncomplete] (node:dns:122:26)","syscall":"getaddrinfo","timestamp":"2026-03-16T19:30:33.782Z"}
{"code":"ENOTFOUND","errno":-3008,"hostname":"redis","level":"error","message":"Redis error: getaddrinfo ENOTFOUND redis","stack":"Error: getaddrinfo ENOTFOUND redis\n    at GetAddrInfoReqWrap.onlookupall [as oncomplete] (node:dns:122:26)","syscall":"getaddrinfo","timestamp":"2026-03-16T19:30:38.544Z"}
{"code":"ENOTFOUND","errno":-3008,"hostname":"redis","level":"error","message":"Redis error: getaddrinfo ENOTFOUND redis","stack":"Error: getaddrinfo ENOTFOUND redis\n    at GetAddrInfoReqWrap.onlookupall [as oncomplete] (node:dns:122:26)","syscall":"getaddrinfo","timestamp":"2026-03-16T19:30:43.453Z"}
{"code":"ENOTFOUND","errno":-3008,"hostname":"redis","level":"error","message":"Redis error: getaddrinfo ENOTFOUND redis","stack":"Error: getaddrinfo ENOTFOUND redis\n    at GetAddrInfoReqWrap.onlookupall [as oncomplete] (node:dns:122:26)","syscall":"getaddrinfo","timestamp":"2026-03-16T19:30:48.331Z"}
{"code":"ENOTFOUND","errno":-3008,"hostname":"redis","level":"error","message":"Redis error: getaddrinfo ENOTFOUND redis","stack":"Error: getaddrinfo ENOTFOUND redis\n    at GetAddrInfoReqWrap.onlookupall [as oncomplete] (node:dns:122:26)","syscall":"getaddrinfo","timestamp":"2026-03-16T19:30:53.103Z"}
{"code":"ENOTFOUND","errno":-3008,"hostname":"redis","level":"error","message":"Redis error: getaddrinfo ENOTFOUND redis","stack":"Error: getaddrinfo ENOTFOUND redis\n    at GetAddrInfoReqWrap.onlookupall [as oncomplete] (node:dns:122:26)","syscall":"getaddrinfo","timestamp":"2026-03-16T19:30:57.879Z"}
{"code":"ENOTFOUND","errno":-3008,"hostname":"redis","level":"error","message":"Redis error: getaddrinfo ENOTFOUND redis","stack":"Error: getaddrinfo ENOTFOUND redis\n    at GetAddrInfoReqWrap.onlookupall [as oncomplete] (node:dns:122:26)","syscall":"getaddrinfo","timestamp":"2026-03-16T19:31:02.746Z"}
{"code":"ENOTFOUND","errno":-3008,"hostname":"redis","level":"error","message":"Redis error: getaddrinfo ENOTFOUND redis","stack":"Error: getaddrinfo ENOTFOUND redis\n    at GetAddrInfoReqWrap.onlookupall [as oncomplete] (node:dns:122:26)","syscall":"getaddrinfo","timestamp":"2026-03-16T19:31:07.612Z"}
{"code":"ENOTFOUND","errno":-3008,"hostname":"redis","level":"error","message":"Redis error: getaddrinfo ENOTFOUND redis","stack":"Error: getaddrinfo ENOTFOUND redis\n    at GetAddrInfoReqWrap.onlookupall [as oncomplete] (node:dns:122:26)","syscall":"getaddrinfo","timestamp":"2026-03-16T19:31:12.485Z"}
{"code":"ENOTFOUND","errno":-3008,"hostname":"redis","level":"error","message":"Redis error: getaddrinfo ENOTFOUND redis","stack":"Error: getaddrinfo ENOTFOUND redis\n    at GetAddrInfoReqWrap.onlookupall [as oncomplete] (node:dns:122:26)","syscall":"getaddrinfo","timestamp":"2026-03-16T19:31:17.334Z"}
{"code":"ENOTFOUND","errno":-3008,"hostname":"redis","level":"error","message":"Redis error: getaddrinfo ENOTFOUND redis","stack":"Error: getaddrinfo ENOTFOUND redis\n    at GetAddrInfoReqWrap.onlookupall [as oncomplete] (node:dns:122:26)","syscall":"getaddrinfo","timestamp":"2026-03-16T19:31:22.074Z"}
{"code":"ENOTFOUND","errno":-3008,"hostname":"redis","level":"error","message":"Redis error: getaddrinfo ENOTFOUND redis","stack":"Error: getaddrinfo ENOTFOUND redis\n    at GetAddrInfoReqWrap.onlookupall [as oncomplete] (node:dns:122:26)","syscall":"getaddrinfo","timestamp":"2026-03-16T19:31:26.781Z"}
{"code":"ENOTFOUND","errno":-3008,"hostname":"redis","level":"error","message":"Redis error: getaddrinfo ENOTFOUND redis","stack":"Error: getaddrinfo ENOTFOUND redis\n    at GetAddrInfoReqWrap.onlookupall [as oncomplete] (node:dns:122:26)","syscall":"getaddrinfo","timestamp":"2026-03-16T19:31:31.497Z"}
{"code":"ENOTFOUND","errno":-3008,"hostname":"redis","level":"error","message":"Redis error: getaddrinfo ENOTFOUND redis","stack":"Error: getaddrinfo ENOTFOUND redis\n    at GetAddrInfoReqWrap.onlookupall [as oncomplete] (node:dns:122:26)","syscall":"getaddrinfo","timestamp":"2026-03-16T19:31:36.218Z"}
{"code":"ENOTFOUND","errno":-3008,"hostname":"redis","level":"error","message":"Redis error: getaddrinfo ENOTFOUND redis","stack":"Error: getaddrinfo ENOTFOUND redis\n    at GetAddrInfoReqWrap.onlookupall [as oncomplete] (node:dns:122:26)","syscall":"getaddrinfo","timestamp":"2026-03-16T19:31:40.966Z"}
{"code":"ENOTFOUND","errno":-3008,"hostname":"redis","level":"error","message":"Redis error: getaddrinfo ENOTFOUND redis","stack":"Error: getaddrinfo ENOTFOUND redis\n    at GetAddrInfoReqWrap.onlookupall [as oncomplete] (node:dns:122:26)","syscall":"getaddrinfo","timestamp":"2026-03-16T19:31:47.467Z"}
{"code":"ENOTFOUND","errno":-3008,"hostname":"redis","level":"error","message":"Redis error: getaddrinfo ENOTFOUND redis","stack":"Error: getaddrinfo ENOTFOUND redis\n    at GetAddrInfoReqWrap.onlookupall [as oncomplete] (node:dns:122:26)","syscall":"getaddrinfo","timestamp":"2026-03-16T19:31:50.334Z"}
{"code":"ENOTFOUND","errno":-3008,"hostname":"redis","level":"error","message":"Redis error: getaddrinfo ENOTFOUND redis","stack":"Error: getaddrinfo ENOTFOUND redis\n    at GetAddrInfoReqWrap.onlookupall [as oncomplete] (node:dns:122:26)","syscall":"getaddrinfo","timestamp":"2026-03-16T19:31:55.397Z"}
{"code":"ENOTFOUND","errno":-3008,"hostname":"redis","level":"error","message":"Redis error: getaddrinfo ENOTFOUND redis","stack":"Error: getaddrinfo ENOTFOUND redis\n    at GetAddrInfoReqWrap.onlookupall [as oncomplete] (node:dns:122:26)","syscall":"getaddrinfo","timestamp":"2026-03-16T19:31:58.195Z"}
{"code":"ENOTFOUND","errno":-3008,"hostname":"redis","level":"error","message":"Redis error: getaddrinfo ENOTFOUND redis","stack":"Error: getaddrinfo ENOTFOUND redis\n    at GetAddrInfoReqWrap.onlookupall [as oncomplete] (node:dns:122:26)","syscall":"getaddrinfo","timestamp":"2026-03-16T19:32:01.062Z"}
{"code":"ENOTFOUND","errno":-3008,"hostname":"redis","level":"error","message":"Redis error: getaddrinfo ENOTFOUND redis","stack":"Error: getaddrinfo ENOTFOUND redis\n    at GetAddrInfoReqWrap.onlookupall [as oncomplete] (node:dns:122:26)","syscall":"getaddrinfo","timestamp":"2026-03-16T19:32:04.004Z"}
{"code":"ENOTFOUND","errno":-3008,"hostname":"redis","level":"error","message":"Redis error: getaddrinfo ENOTFOUND redis","stack":"Error: getaddrinfo ENOTFOUND redis\n    at GetAddrInfoReqWrap.onlookupall [as oncomplete] (node:dns:122:26)","syscall":"getaddrinfo","timestamp":"2026-03-16T19:32:07.180Z"}
{"code":"ENOTFOUND","errno":-3008,"hostname":"redis","level":"error","message":"Redis error: getaddrinfo ENOTFOUND redis","stack":"Error: getaddrinfo ENOTFOUND redis\n    at GetAddrInfoReqWrap.onlookupall [as oncomplete] (node:dns:122:26)","syscall":"getaddrinfo","timestamp":"2026-03-16T19:32:10.874Z"}
{"code":"ENOTFOUND","errno":-3008,"hostname":"redis","level":"error","message":"Redis error: getaddrinfo ENOTFOUND redis","stack":"Error: getaddrinfo ENOTFOUND redis\n    at GetAddrInfoReqWrap.onlookupall [as oncomplete] (node:dns:122:26)","syscall":"getaddrinfo","timestamp":"2026-03-16T19:32:15.211Z"}
{"code":"ENOTFOUND","errno":-3008,"hostname":"redis","level":"error","message":"Redis error: getaddrinfo ENOTFOUND redis","stack":"Error: getaddrinfo ENOTFOUND redis\n    at GetAddrInfoReqWrap.onlookupall [as oncomplete] (node:dns:122:26)","syscall":"getaddrinfo","timestamp":"2026-03-16T19:32:20.127Z"}
{"code":"ENOTFOUND","errno":-3008,"hostname":"redis","level":"error","message":"Redis error: getaddrinfo ENOTFOUND redis","stack":"Error: getaddrinfo ENOTFOUND redis\n    at GetAddrInfoReqWrap.onlookupall [as oncomplete] (node:dns:122:26)","syscall":"getaddrinfo","timestamp":"2026-03-16T19:32:24.929Z"}
{"code":"ENOTFOUND","errno":-3008,"hostname":"redis","level":"error","message":"Redis error: getaddrinfo ENOTFOUND redis","stack":"Error: getaddrinfo ENOTFOUND redis\n    at GetAddrInfoReqWrap.onlookupall [as oncomplete] (node:dns:122:26)","syscall":"getaddrinfo","timestamp":"2026-03-16T19:32:29.635Z"}
{"code":"ENOTFOUND","errno":-3008,"hostname":"redis","level":"error","message":"Redis error: getaddrinfo ENOTFOUND redis","stack":"Error: getaddrinfo ENOTFOUND redis\n    at GetAddrInfoReqWrap.onlookupall [as oncomplete] (node:dns:122:26)","syscall":"getaddrinfo","timestamp":"2026-03-16T19:32:34.461Z"}
{"code":"ENOTFOUND","errno":-3008,"hostname":"redis","level":"error","message":"Redis error: getaddrinfo ENOTFOUND redis","stack":"Error: getaddrinfo ENOTFOUND redis\n    at GetAddrInfoReqWrap.onlookupall [as oncomplete] (node:dns:122:26)","syscall":"getaddrinfo","timestamp":"2026-03-16T19:32:39.219Z"}
{"code":"ENOTFOUND","errno":-3008,"hostname":"redis","level":"error","message":"Redis error: getaddrinfo ENOTFOUND redis","stack":"Error: getaddrinfo ENOTFOUND redis\n    at GetAddrInfoReqWrap.onlookupall [as oncomplete] (node:dns:122:26)","syscall":"getaddrinfo","timestamp":"2026-03-16T19:32:43.999Z"}
{"code":"ENOTFOUND","errno":-3008,"hostname":"redis","level":"error","message":"Redis error: getaddrinfo ENOTFOUND redis","stack":"Error: getaddrinfo ENOTFOUND redis\n    at GetAddrInfoReqWrap.onlookupall [as oncomplete] (node:dns:122:26)","syscall":"getaddrinfo","timestamp":"2026-03-16T19:32:48.712Z"}
{"level":"error","message":"Error creating project: Project validation failed: name: Path `name` is required.","timestamp":"2026-03-16T19:32:52.971Z"}
{"code":"ENOTFOUND","errno":-3008,"hostname":"redis","level":"error","message":"Redis error: getaddrinfo ENOTFOUND redis","stack":"Error: getaddrinfo ENOTFOUND redis\n    at GetAddrInfoReqWrap.onlookupall [as oncomplete] (node:dns:122:26)","syscall":"getaddrinfo","timestamp":"2026-03-16T19:32:53.459Z"}
{"code":"ENOTFOUND","errno":-3008,"hostname":"redis","level":"error","message":"Redis error: getaddrinfo ENOTFOUND redis","stack":"Error: getaddrinfo ENOTFOUND redis\n    at GetAddrInfoReqWrap.onlookupall [as oncomplete] (node:dns:122:26)","syscall":"getaddrinfo","timestamp":"2026-03-16T19:32:58.312Z"}
{"code":"ENOTFOUND","errno":-3008,"hostname":"redis","level":"error","message":"Redis error: getaddrinfo ENOTFOUND redis","stack":"Error: getaddrinfo ENOTFOUND redis\n    at GetAddrInfoReqWrap.onlookupall [as oncomplete] (node:dns:122:26)","syscall":"getaddrinfo","timestamp":"2026-03-16T19:33:03.094Z"}
{"code":"ENOTFOUND","errno":-3008,"hostname":"redis","level":"error","message":"Redis error: getaddrinfo ENOTFOUND redis","stack":"Error: getaddrinfo ENOTFOUND redis\n    at GetAddrInfoReqWrap.onlookupall [as oncomplete] (node:dns:122:26)","syscall":"getaddrinfo","timestamp":"2026-03-16T19:33:07.996Z"}
{"code":"ENOTFOUND","errno":-3008,"hostname":"redis","level":"error","message":"Redis error: getaddrinfo ENOTFOUND redis","stack":"Error: getaddrinfo ENOTFOUND redis\n    at GetAddrInfoReqWrap.onlookupall [as oncomplete] (node:dns:122:26)","syscall":"getaddrinfo","timestamp":"2026-03-16T19:33:12.787Z"}
{"code":"ENOTFOUND","errno":-3008,"hostname":"redis","level":"error","message":"Redis error: getaddrinfo ENOTFOUND redis","stack":"Error: getaddrinfo ENOTFOUND redis\n    at GetAddrInfoReqWrap.onlookupall [as oncomplete] (node:dns:122:26)","syscall":"getaddrinfo","timestamp":"2026-03-16T19:33:17.511Z"}
{"code":"ENOTFOUND","errno":-3008,"hostname":"redis","level":"error","message":"Redis error: getaddrinfo ENOTFOUND redis","stack":"Error: getaddrinfo ENOTFOUND redis\n    at GetAddrInfoReqWrap.onlookupall [as oncomplete] (node:dns:122:26)","syscall":"getaddrinfo","timestamp":"2026-03-16T19:33:22.243Z"}
{"code":"ENOTFOUND","errno":-3008,"hostname":"redis","level":"error","message":"Redis error: getaddrinfo ENOTFOUND redis","stack":"Error: getaddrinfo ENOTFOUND redis\n    at GetAddrInfoReqWrap.onlookupall [as oncomplete] (node:dns:122:26)","syscall":"getaddrinfo","timestamp":"2026-03-16T19:33:26.943Z"}
{"code":"ENOTFOUND","errno":-3008,"hostname":"redis","level":"error","message":"Redis error: getaddrinfo ENOTFOUND redis","stack":"Error: getaddrinfo ENOTFOUND redis\n    at GetAddrInfoReqWrap.onlookupall [as oncomplete] (node:dns:122:26)","syscall":"getaddrinfo","timestamp":"2026-03-16T19:33:31.705Z"}
{"code":"ENOTFOUND","errno":-3008,"hostname":"redis","level":"error","message":"Redis error: getaddrinfo ENOTFOUND redis","stack":"Error: getaddrinfo ENOTFOUND redis\n    at GetAddrInfoReqWrap.onlookupall [as oncomplete] (node:dns:122:26)","syscall":"getaddrinfo","timestamp":"2026-03-16T19:33:36.459Z"}
{"code":"ENOTFOUND","errno":-3008,"hostname":"redis","level":"error","message":"Redis error: getaddrinfo ENOTFOUND redis","stack":"Error: getaddrinfo ENOTFOUND redis\n    at GetAddrInfoReqWrap.onlookupall [as oncomplete] (node:dns:122:26)","syscall":"getaddrinfo","timestamp":"2026-03-16T19:33:41.201Z"}
{"code":"ENOTFOUND","errno":-3008,"hostname":"redis","level":"error","message":"Redis error: getaddrinfo ENOTFOUND redis","stack":"Error: getaddrinfo ENOTFOUND redis\n    at GetAddrInfoReqWrap.onlookupall [as oncomplete] (node:dns:122:26)","syscall":"getaddrinfo","timestamp":"2026-03-16T19:33:46.075Z"}
{"code":"ENOTFOUND","errno":-3008,"hostname":"redis","level":"error","message":"Redis error: getaddrinfo ENOTFOUND redis","stack":"Error: getaddrinfo ENOTFOUND redis\n    at GetAddrInfoReqWrap.onlookupall [as oncomplete] (node:dns:122:26)","syscall":"getaddrinfo","timestamp":"2026-03-16T19:33:50.970Z"}
